// Jest Snapshot v1, https://goo.gl/fbAQLP

exports[`Card Render Card should match the snapshot 1`] = `
ShallowWrapper {
  "length": 1,
  Symbol(enzyme.__root__): [Circular],
  Symbol(enzyme.__unrendered__): <Card
    addClickOutsideEventListener={
      [MockFunction] {
        "calls": Array [
          Array [
            "loading",
            [Function],
          ],
        ],
        "results": Array [
          Object {
            "isThrow": false,
            "value": undefined,
          },
        ],
      }
    }
    checkMatch={[MockFunction]}
    checkMatchResult={[Function]}
    handleClick={[Function]}
    handleClickOutside={[Function]}
    index={0}
    match="loading"
    matched={false}
    removeClickOutsideEventListener={[MockFunction]}
    updateMatched={[MockFunction]}
    value="loading"
  />,
  Symbol(enzyme.__renderer__): Object {
    "batchedUpdates": [Function],
    "getNode": [Function],
    "render": [Function],
    "simulateEvent": [Function],
    "unmount": [Function],
  },
  Symbol(enzyme.__node__): Object {
    "instance": null,
    "key": undefined,
    "nodeType": "host",
    "props": Object {
      "children": <div>
        
      </div>,
      "className": "card",
      "onClick": [Function],
    },
    "ref": [Function],
    "rendered": Object {
      "instance": null,
      "key": undefined,
      "nodeType": "host",
      "props": Object {
        "children": "",
      },
      "ref": null,
      "rendered": "",
      "type": "div",
    },
    "type": "li",
  },
  Symbol(enzyme.__nodes__): Array [
    Object {
      "instance": null,
      "key": undefined,
      "nodeType": "host",
      "props": Object {
        "children": <div>
          
        </div>,
        "className": "card",
        "onClick": [Function],
      },
      "ref": [Function],
      "rendered": Object {
        "instance": null,
        "key": undefined,
        "nodeType": "host",
        "props": Object {
          "children": "",
        },
        "ref": null,
        "rendered": "",
        "type": "div",
      },
      "type": "li",
    },
  ],
  Symbol(enzyme.__options__): Object {
    "adapter": ReactSixteenAdapter {
      "options": Object {
        "enableComponentDidUpdateOnSetState": true,
      },
    },
  },
}
`;
