// Jest Snapshot v1, https://goo.gl/fbAQLP

exports[`Render ClickOutsideContext.Consumer should match the snapshot 1`] = `
ReactWrapper {
  "length": 1,
  Symbol(enzyme.__unrendered__): <div>
    <Context.Consumer>
      [Function]
    </Context.Consumer>
  </div>,
  Symbol(enzyme.__renderer__): Object {
    "batchedUpdates": [Function],
    "getNode": [Function],
    "render": [Function],
    "simulateEvent": [Function],
    "unmount": [Function],
  },
  Symbol(enzyme.__root__): [Circular],
  Symbol(enzyme.__node__): Object {
    "instance": <div>
      <div>
        <p />
      </div>
    </div>,
    "key": undefined,
    "nodeType": "host",
    "props": Object {
      "children": <Context.Consumer>
        [Function]
      </Context.Consumer>,
    },
    "ref": null,
    "rendered": Array [
      Object {
        "instance": <div>
          <p />
        </div>,
        "key": undefined,
        "nodeType": "host",
        "props": Object {
          "children": <p />,
        },
        "ref": null,
        "rendered": Array [
          Object {
            "instance": <p />,
            "key": undefined,
            "nodeType": "host",
            "props": Object {},
            "ref": null,
            "rendered": Array [
              undefined,
            ],
            "type": "p",
          },
        ],
        "type": "div",
      },
    ],
    "type": "div",
  },
  Symbol(enzyme.__nodes__): Array [
    Object {
      "instance": <div>
        <div>
          <p />
        </div>
      </div>,
      "key": undefined,
      "nodeType": "host",
      "props": Object {
        "children": <Context.Consumer>
          [Function]
        </Context.Consumer>,
      },
      "ref": null,
      "rendered": Array [
        Object {
          "instance": <div>
            <p />
          </div>,
          "key": undefined,
          "nodeType": "host",
          "props": Object {
            "children": <p />,
          },
          "ref": null,
          "rendered": Array [
            Object {
              "instance": <p />,
              "key": undefined,
              "nodeType": "host",
              "props": Object {},
              "ref": null,
              "rendered": Array [
                undefined,
              ],
              "type": "p",
            },
          ],
          "type": "div",
        },
      ],
      "type": "div",
    },
  ],
  Symbol(enzyme.__options__): Object {
    "adapter": ReactSixteenAdapter {
      "options": Object {
        "enableComponentDidUpdateOnSetState": true,
      },
    },
  },
}
`;
