// Jest Snapshot v1, https://goo.gl/fbAQLP

exports[`Render ClickOutside should match the snapshot 1`] = `
ShallowWrapper {
  "length": 1,
  Symbol(enzyme.__root__): [Circular],
  Symbol(enzyme.__unrendered__): <ClickOutside
    addClickOutsideEventListener={[Function]}
    removeClickOutsideEventListener={[Function]}
  />,
  Symbol(enzyme.__renderer__): Object {
    "batchedUpdates": [Function],
    "getNode": [Function],
    "render": [Function],
    "simulateEvent": [Function],
    "unmount": [Function],
  },
  Symbol(enzyme.__node__): Object {
    "instance": null,
    "key": undefined,
    "nodeType": "function",
    "props": Object {
      "children": <div
        onClick={[Function]}
      />,
      "value": Object {
        "addClickOutsideEventListener": [Function],
        "removeClickOutsideEventListener": [Function],
      },
    },
    "ref": null,
    "rendered": Object {
      "instance": null,
      "key": undefined,
      "nodeType": "host",
      "props": Object {
        "children": undefined,
        "onClick": [Function],
      },
      "ref": null,
      "rendered": null,
      "type": "div",
    },
    "type": Object {
      "$$typeof": Symbol(react.provider),
      "_context": Object {
        "$$typeof": Symbol(react.context),
        "Consumer": [Circular],
        "Provider": [Circular],
        "_calculateChangedBits": null,
        "_changedBits": 0,
        "_currentRenderer": null,
        "_currentValue": Object {
          "addClickOutsideEventListener": [Function],
          "removeClickOutsideEventListener": [Function],
        },
        "_defaultValue": Object {
          "addClickOutsideEventListener": [Function],
          "removeClickOutsideEventListener": [Function],
        },
      },
    },
  },
  Symbol(enzyme.__nodes__): Array [
    Object {
      "instance": null,
      "key": undefined,
      "nodeType": "function",
      "props": Object {
        "children": <div
          onClick={[Function]}
        />,
        "value": Object {
          "addClickOutsideEventListener": [Function],
          "removeClickOutsideEventListener": [Function],
        },
      },
      "ref": null,
      "rendered": Object {
        "instance": null,
        "key": undefined,
        "nodeType": "host",
        "props": Object {
          "children": undefined,
          "onClick": [Function],
        },
        "ref": null,
        "rendered": null,
        "type": "div",
      },
      "type": Object {
        "$$typeof": Symbol(react.provider),
        "_context": Object {
          "$$typeof": Symbol(react.context),
          "Consumer": [Circular],
          "Provider": [Circular],
          "_calculateChangedBits": null,
          "_changedBits": 0,
          "_currentRenderer": null,
          "_currentValue": Object {
            "addClickOutsideEventListener": [Function],
            "removeClickOutsideEventListener": [Function],
          },
          "_defaultValue": Object {
            "addClickOutsideEventListener": [Function],
            "removeClickOutsideEventListener": [Function],
          },
        },
      },
    },
  ],
  Symbol(enzyme.__options__): Object {
    "adapter": ReactSixteenAdapter {
      "options": Object {
        "enableComponentDidUpdateOnSetState": true,
      },
    },
  },
}
`;
